<?xml version="1.0" encoding="UTF-8"?>
<testsuites name="jest tests" tests="1" failures="0" errors="0" time="2.589">
  <testsuite name="undefined" errors="0" failures="0" skipped="0" timestamp="2025-08-04T10:14:30" time="2.479" tests="1">
    <testcase classname=" SQS Queue Created" name=" SQS Queue Created" time="0">
    </testcase>
  </testsuite>
</testsuites>